kotlin version: 2.2.20
error message: java.util.concurrent.ExecutionException: java.lang.IllegalStateException: should not be called
	at java.base/java.util.concurrent.CompletableFuture.reportGet(Unknown Source)
	at java.base/java.util.concurrent.CompletableFuture.get(Unknown Source)
	at org.jetbrains.kotlin.backend.jvm.JvmIrCodegenFactory.invokeCodegen(JvmIrCodegenFactory.kt:410)
	at org.jetbrains.kotlin.cli.jvm.compiler.KotlinToJVMBytecodeCompiler.runCodegen$cli(KotlinToJVMBytecodeCompiler.kt:425)
	at org.jetbrains.kotlin.cli.pipeline.jvm.JvmBackendPipelinePhase.executePhase(JvmBackendPipelinePhase.kt:89)
	at org.jetbrains.kotlin.kapt.FirKaptAnalysisHandlerExtension.contextForStubGeneration(FirKaptAnalysisHandlerExtension.kt:196)
	at org.jetbrains.kotlin.kapt.FirKaptAnalysisHandlerExtension.doAnalysis(FirKaptAnalysisHandlerExtension.kt:99)
	at org.jetbrains.kotlin.fir.extensions.FirAnalysisHandlerExtension$Companion.analyze(FirAnalysisHandlerExtension.kt:29)
	at org.jetbrains.kotlin.cli.pipeline.jvm.JvmFrontendPipelinePhase.executePhase(JvmFrontendPipelinePhase.kt:75)
	at org.jetbrains.kotlin.cli.pipeline.jvm.JvmFrontendPipelinePhase.executePhase(JvmFrontendPipelinePhase.kt:47)
	at org.jetbrains.kotlin.cli.pipeline.PipelinePhase.phaseBody(PipelinePhase.kt:68)
	at org.jetbrains.kotlin.cli.pipeline.PipelinePhase.phaseBody(PipelinePhase.kt:58)
	at org.jetbrains.kotlin.config.phaser.NamedCompilerPhase.invoke(CompilerPhase.kt:102)
	at org.jetbrains.kotlin.backend.common.phaser.CompositePhase.invoke(PhaseBuilders.kt:22)
	at org.jetbrains.kotlin.config.phaser.CompilerPhaseKt.invokeToplevel(CompilerPhase.kt:53)
	at org.jetbrains.kotlin.cli.pipeline.AbstractCliPipeline.runPhasedPipeline(AbstractCliPipeline.kt:109)
	at org.jetbrains.kotlin.cli.pipeline.AbstractCliPipeline.execute(AbstractCliPipeline.kt:68)
	at org.jetbrains.kotlin.cli.jvm.K2JVMCompiler.doExecutePhased(K2JVMCompiler.kt:79)
	at org.jetbrains.kotlin.cli.jvm.K2JVMCompiler.doExecutePhased(K2JVMCompiler.kt:45)
	at org.jetbrains.kotlin.cli.common.CLICompiler.execImpl(CLICompiler.kt:90)
	at org.jetbrains.kotlin.cli.common.CLICompiler.exec(CLICompiler.kt:352)
	at org.jetbrains.kotlin.incremental.IncrementalJvmCompilerRunnerBase.runCompiler(IncrementalJvmCompilerRunnerBase.kt:176)
	at org.jetbrains.kotlin.incremental.IncrementalJvmCompilerRunnerBase.runCompiler(IncrementalJvmCompilerRunnerBase.kt:39)
	at org.jetbrains.kotlin.incremental.IncrementalCompilerRunner.doCompile(IncrementalCompilerRunner.kt:499)
	at org.jetbrains.kotlin.incremental.IncrementalCompilerRunner.compileImpl(IncrementalCompilerRunner.kt:416)
	at org.jetbrains.kotlin.incremental.IncrementalCompilerRunner.compileNonIncrementally(IncrementalCompilerRunner.kt:301)
	at org.jetbrains.kotlin.incremental.IncrementalCompilerRunner.compile(IncrementalCompilerRunner.kt:128)
	at org.jetbrains.kotlin.daemon.CompileServiceImplBase.execIncrementalCompiler(CompileServiceImpl.kt:684)
	at org.jetbrains.kotlin.daemon.CompileServiceImplBase.access$execIncrementalCompiler(CompileServiceImpl.kt:94)
	at org.jetbrains.kotlin.daemon.CompileServiceImpl.compile(CompileServiceImpl.kt:1810)
	at java.base/jdk.internal.reflect.DirectMethodHandleAccessor.invoke(Unknown Source)
	at java.base/java.lang.reflect.Method.invoke(Unknown Source)
	at java.rmi/sun.rmi.server.UnicastServerRef.dispatch(Unknown Source)
	at java.rmi/sun.rmi.transport.Transport$1.run(Unknown Source)
	at java.rmi/sun.rmi.transport.Transport$1.run(Unknown Source)
	at java.base/java.security.AccessController.doPrivileged(Unknown Source)
	at java.rmi/sun.rmi.transport.Transport.serviceCall(Unknown Source)
	at java.rmi/sun.rmi.transport.tcp.TCPTransport.handleMessages(Unknown Source)
	at java.rmi/sun.rmi.transport.tcp.TCPTransport$ConnectionHandler.run0(Unknown Source)
	at java.rmi/sun.rmi.transport.tcp.TCPTransport$ConnectionHandler.lambda$run$0(Unknown Source)
	at java.base/java.security.AccessController.doPrivileged(Unknown Source)
	at java.rmi/sun.rmi.transport.tcp.TCPTransport$ConnectionHandler.run(Unknown Source)
	at java.base/java.util.concurrent.ThreadPoolExecutor.runWorker(Unknown Source)
	at java.base/java.util.concurrent.ThreadPoolExecutor$Worker.run(Unknown Source)
	at java.base/java.lang.Thread.run(Unknown Source)
Caused by: java.lang.IllegalStateException: should not be called
	at org.jetbrains.kotlin.utils.addToStdlib.AddToStdlibKt.shouldNotBeCalled(addToStdlib.kt:330)
	at org.jetbrains.kotlin.utils.addToStdlib.AddToStdlibKt.shouldNotBeCalled$default(addToStdlib.kt:329)
	at org.jetbrains.kotlin.fir.FirBinaryDependenciesModuleData.getPlatform(FirModuleData.kt:132)
	at org.jetbrains.kotlin.fir.utils.exceptions.FirExceptionUtilsKt.withModuleDataEntry$lambda$0(firExceptionUtils.kt:63)
	at org.jetbrains.kotlin.utils.exceptions.ExceptionAttachmentBuilder.withEntry$lambda$0(ExceptionAttachmentBuilder.kt:22)
	at org.jetbrains.kotlin.utils.exceptions.ExceptionAttachmentBuilder.withEntry(ExceptionAttachmentBuilder.kt:38)
	at org.jetbrains.kotlin.utils.exceptions.ExceptionAttachmentBuilder.withEntry(ExceptionAttachmentBuilder.kt:18)
	at org.jetbrains.kotlin.fir.utils.exceptions.FirExceptionUtilsKt.withModuleDataEntry(firExceptionUtils.kt:60)
	at org.jetbrains.kotlin.fir.utils.exceptions.FirExceptionUtilsKt.withFirEntry(firExceptionUtils.kt:32)
	at org.jetbrains.kotlin.fir.backend.generators.Fir2IrCallableDeclarationsGenerator.createIrConstructor(Fir2IrCallableDeclarationsGenerator.kt:1164)
	at org.jetbrains.kotlin.fir.backend.Fir2IrDeclarationStorage.getIrConstructorSymbol(Fir2IrDeclarationStorage.kt:520)
	at org.jetbrains.kotlin.fir.backend.Fir2IrDeclarationStorage.getIrConstructorSymbol$default(Fir2IrDeclarationStorage.kt:511)
	at org.jetbrains.kotlin.fir.backend.generators.CallAndReferenceGenerator.convertToIrConstructorCall(CallAndReferenceGenerator.kt:922)
	at org.jetbrains.kotlin.fir.lazy.AbstractFir2IrLazyDeclaration.createLazyAnnotations$lambda$0(AbstractFir2IrLazyDeclaration.kt:42)
	at org.jetbrains.kotlin.ir.declarations.lazy.SynchronizedLazyVar.getValue(lazyUtil.kt:29)
	at org.jetbrains.kotlin.ir.declarations.lazy.SynchronizedLazyVar.getValue(lazyUtil.kt:40)
	at org.jetbrains.kotlin.fir.lazy.Fir2IrLazyClass.getAnnotations(Fir2IrLazyClass.kt:62)
	at org.jetbrains.kotlin.ir.util.IrUtilsKt.getAnnotation(IrUtils.kt:334)
	at org.jetbrains.kotlin.ir.util.AdditionalIrUtilsKt.getAnnotationTargets(AdditionalIrUtils.kt:337)
	at org.jetbrains.kotlin.backend.jvm.codegen.AnnotationCodegen.genAnnotations(AnnotationCodegen.kt:60)
	at org.jetbrains.kotlin.backend.jvm.codegen.AnnotationCodegen.genAnnotations$default(AnnotationCodegen.kt:58)
	at org.jetbrains.kotlin.backend.jvm.codegen.ClassCodegen.generateAnnotations(ClassCodegen.kt:253)
	at org.jetbrains.kotlin.backend.jvm.codegen.ClassCodegen.generate(ClassCodegen.kt:181)
	at org.jetbrains.kotlin.backend.jvm.JvmIrCodegenFactory.generateFile(JvmIrCodegenFactory.kt:446)
	at org.jetbrains.kotlin.backend.jvm.JvmIrCodegenFactory.invokeCodegen$lambda$0$0(JvmIrCodegenFactory.kt:405)
	at java.base/java.util.concurrent.CompletableFuture$AsyncRun.run(Unknown Source)
	... 3 more


